{
  "Key": "golden",
  "Meaning1": "सोन्याचा बनवलेला"
}